       /- spar_24415                  
      /+                              
     /+\- spar_24420                  
     ||                               
    /+\- spar_24418                   
    ||                                
    |\- smik_23544                    
    |                                 
    |     /- YOR343W-A                
    |    /+                           
    |   /+\- YDR210W-A                
    |   ||                            
    |   |\- YBL101W-A                 
    |  /+                             
    |  || /- YDR034C-C                
   /+  ||/+                           
   ||  |\+\- YLR410W-A                
   ||  | |                            
   || /+ \- YDR261W-A                 
   || ||                              
   || ||  /- YFL002W-B                
   || || /+                           
   || ||/+\- YGR161W-A                
   ||/+|||                            
  /+|||\+\- YCL020W                   
  ||||| |                             
  ||\+| \- YOR192C-A                  
  || ||                               
  || |\- smik_19494                   
  || |                                
  || \- smik_23111                    
  ||                                  
  || /- kwal_3714                     
  ||/+                                
  |\+\- kwal_410                      
  | |                                 
  | \- smik_8687                      
  |                                   
  |    /- sbay_26567                  
  |   /+                              
  |  /+\- sbay_26562                  
  |  ||                               
  | /+\- sbay_26565                   
  | ||                                
  |/+\- sbay_26569                    
  |||                                 
  |||/- spar_23738                    
  ||\+                                
  || \- spar_6347                     
  ||                                  
  ||            /- spar_23730         
  ||           /+                     
  ||          /+\- spar_23846         
 /+|          ||                      
 |||         /+\- spar_24480          
 |||         ||                       
 |||        /+\- YAR010C              
 |||        ||                        
 |||        ||/- YLR227W-A            
 |||       /+\+                       
 |||       || \- YML040W              
 |||       ||                         
 |||       ||/- YDR098C-A             
 |||       |\+                        
 |||      /+ \- YGR161C-C             
 |||      ||                          
 |||      || /- YOR142W-A             
 |||      ||/+                        
 |||      |||\- YHR214C-C             
 |||      |\+                         
 |||     /+ |/- YMR051C               
 |||     || \+                        
 |||     ||  \- YER159C-A             
 |||     ||                           
 |||     || /- YDR316W-A              
 |||     ||/+                         
 |||     |||\- YML045W-A              
 |||    /+\+                          
 |||    || |/- YBR012W-A              
 |||    || \+                         
 |||    ||  \- YPR158W-A              
 |||    ||                            
 |\+    || /- YDR261C-C               
 | |    ||/+                          
 | |    |||\- YGR038C-A               
 | |    |\+                           
 | |    | |/- YPR137C-A               
 | |    | \+                          
 | |    |  \- YJR028W                 
 | |   /+                             
 | |   ||   /- YER137C-A              
 | |   ||  /+                         
 | |   ||  |\- YPL257W-A              
 | |   || /+                          
 | |   || ||/- YLR157C-A              
 | |   || |\+                         
 | |   ||/+ \- smik_23521             
 | |   ||||                           
 | |   ||||/- smik_23165              
 | |   |||\+                          
 | |   ||| \- smik_23671              
 | |   |||                            
 | |  /+\+  /- YLR256W-A              
 | |  || | /+                         
 | |  || | |\- YOL103W-A              
 | |  || |/+                          
 | |  || |||/- YDR365W-A              
/+ |  || ||\+                         
|| |  || \+ \- YJR026W                
|| |  ||  |                           
|| | /+|  |/- YGR027W-A               
|| | |||  \+                          
|| | |||   \- YPR158C-C               
|| | |||                              
|| | |||/- YDR210C-C                  
|| |/+|\+                             
|| |||| \- YNL054W-A                  
|| ||||                               
|| |||\- YDR170W-A                    
|| |||                                
|| ||\- sbay_19938                    
|| \+                                 
||  |  /- YMR046C                     
||  | /+                              
||  |/+\- YBL005W-A                   
||  |||                               
||  ||\- YNL284C-A                    
||  \+                                
||   | /- spar_5749                   
||   |/+                              
||   \+\- spar_23732                  
||    |                               
||    \- spar_23735                   
||                                    
||  /- smik_23110                     
|| /+                                 
|| |\- kwal_14867                     
|| |                                  
||/+  /- spar_20532                   
|||| /+                               
||||/+\- spar_23830                   
||||||                                
|||\+\- spar_23834                    
||| |                                 
||| \- scas_g711.9                    
|||                                   
|||     /- smik_9431                  
|||    /+                             
|||    |\- smik_21290                 
|||   /+                              
|||   ||/- spar_23945                 
|||  /+\+                             
|||  || \- spar_17845                 
|||  ||                               
||| /+\- spar_802                     
||| ||                                
||| ||/- spar_22674                   
||| |\+                               
||| | \- spar_20538                   
||| |                                 
||| |      /- kwal_3713               
|\+ |     /+                          
| | |    /+\- kwal_764                
| | |    ||                           
| | |   /+\- kwal_16423               
| | |   ||                            
| | |   |\- kwal_17033                
| | |  /+                             
| | |  || /- kwal_16307               
| | |  ||/+                           
| | |  |\+\- kwal_676                 
| |/+  | |                            
| |||  | \- kwal_19799                
| |||  |                              
| |||  |      /- kwal_17665           
| |||  |     /+                       
| |||  |    /+\- kwal_16338           
| ||| /+    ||                        
| ||| ||   /+\- kwal_15089            
| ||| ||   ||                         
| ||| ||  /+\- kwal_424               
| ||| ||  ||                          
| ||| || /+\- kwal_12438              
| ||| || ||                           
| \+|/+|/+\- kwal_11219               
|  |||||||                            
|  |||||||/- kwal_19470               
|  ||||\+\+                           
|  |||| | \- kwal_19418               
|  |\+| |                             
|  | || \- kwal_16409                 
|  | ||                               
|  | |\- kwal_7891                    
|  | |                                
|  | \- kwal_19344                    
|  |                                  
|  | /- smik_23058                    
|  |/+                                
|  \+\- smik_23517                    
|   |                                 
|   \- sbay_16103                     
|                                     
|              /- kwal_3717           
|             /+                      
|            /+\- kwal_12442          
|            ||                       
|           /+\- kwal_19415           
|           ||                        
|           ||/- kwal_16413           
|          /+\+                       
|          || \- kwal_621             
|          ||                         
|          ||/- kwal_19476            
|         /+\+                        
|         || \- kwal_15087            
|         ||                          
|         ||/- kwal_691               
|         |\+                         
|        /+ \- kwal_670               
|        ||                           
|        || /- kwal_19796             
|        ||/+                         
|        |||\- kwal_414               
|       /+\+                          
|       || |/- kwal_2719              
|       || \+                         
|       ||  \- kwal_17031             
|       ||                            
|      /+|/- kwal_17294               
|      ||\+                           
|      || \- kwal_687                 
|      ||                             
|     /+|/- kwal_771                  
|     ||\+                            
|     || \- kwal_16311                
|     ||                              
|     |\- KLLA0A12144g                
|    /+                               
|    ||  /- kwal_19474                
|    || /+                            
|    ||/+\- kwal_16309                
|    ||||                             
|    |\+\- kwal_672                   
|    | |                              
|    | \- kwal_426                    
|    |                                
|    |     /- smik_23523              
|    |    /+                          
|    |   /+\- smik_23522              
|    |   ||                           
|    |   |\- smik_23515               
|    |   |                            
|    |   |   /- spar_23844            
|    |  /+  /+                        
|    |  || /+\- spar_23866            
|    |  || ||                         
|    |  ||/+\- spar_12154             
|    |  ||||                          
|    | /+\+\- spar_23892              
|    | || |                           
|    | || \- spar_23864               
|    | ||                             
|    | || /- smik_23107               
|    | ||/+                           
|    | |\+\- smik_17836               
|    | | |                            
|    | | \- smik_23550                
|    | |                              
|    | |     /- spar_19660            
|    | |    /+                        
|    | |    |\- spar_23898            
|    | |   /+                         
|    | |   ||/- spar_5705             
|    | |   |\+                        
|    | |  /+ \- spar_23894            
|    | |  ||                          
|    | |  ||/- spar_23837             
|    | | /+\+                         
|    | | || \- spar_5751              
|    | | ||                           
|    | | ||/- smik_23533              
|    | |/+\+                          
|    | ||| \- smik_23202              
|    | |||                            
|    | |||/- YMR045C                  
|    | ||\+                           
|    | || \- YBL005W-B                
|    | ||                             
|    | ||               /- YBR012W-B  
|    | ||              /+             
|   /+ ||             /+\- YGR161C-D  
|   ||/+|             ||              
|   |||||            /+\- YNL284C-B   
|   |||||            ||               
|   |||||            ||/- YMR050C     
|   |||||            |\+              
|   |||||            | \- YOR142W-B   
|   |||||            |                
|   |||||           /+   /- YLR227W-B 
|   |||||           ||  /+            
|   |||||           || /+\- YPR158C-D 
|   |||||           || ||             
|   |||||           ||/+\- YDR210C-D  
+   |||||           ||||              
|   |||||           ||||/- YML045W    
|   |||||          /+\+\+             
|   |||||          || | \- YOL103W-B  
|   |||||          || |               
|   |||||          || |/- YJR027W     
|   |||||          || \+              
|   |||||          ||  \- YPR137C-B   
|   |||||         /+|                 
|   |||||         |||/- YER160C       
|   |||||         ||\+                
|   |||||         || \- YHR214C-B     
|   |||||         ||                  
|   |||||        /+|/- YAR009C        
|   |||||        ||\+                 
|   |||||        || \- YLR035C-A      
|   |||||        ||                   
|   |||||       /+|/- YER138C         
|   |||||       ||\+                  
|   |||||       || \- YML039W         
|   |||||       ||                    
|   |||||      /+|/- YDR098C-B        
|   |||\+      ||\+                   
|   ||| |      || \- YGR038C-B        
|   ||| |      ||                     
|   ||| |     /+|/- YPL257W-B         
|   ||| |     ||\+                    
|   ||| |     || \- YLR157C-B         
|   ||| |     ||                      
|   ||| |    /+|/- YDR261C-D          
|   ||| |    ||\+                     
|   ||| |    || \- YDR365W-B          
|   ||| |    ||                       
|   ||| |   /+|/- YGR027W-B           
|   ||| |   ||\+                      
|   ||| |   || \- YJR029W             
|   ||| |   ||                        
|   ||| |  /+|/- YDR316W-B            
|   ||| |  ||\+                       
|   ||| |  || \- YPR158W-B            
|   |\+ |  ||                         
|   | | |  ||/- spar_20536            
|   | | | /+\+                        
|   | | | || \- spar_23896            
|   | | | ||                          
|   | | | || /- smik_23548            
|   | | | ||/+                        
|   | | | |||\- smik_23166            
|   | | | |\+                         
|   | | | | |/- smik_23545            
|   | | |/+ \+                        
|   | | |||  \- smik_4723             
|   | | |||                           
|  /+ | |||  /- spar_14225            
|  || | ||| /+                        
|  || | ||| |\- spar_23720            
|  || | |||/+                         
|  || | |||||/- spar_23719            
|  || | ||||\+                        
|  || | ||\+ \- spar_24413            
|  || | || |                          
|  || | || |/- spar_23900             
|  || | || \+                         
|  || | ||  \- spar_4709              
|  || | ||                            
|  || | ||     /- YOR192C-B           
|  || | \+    /+                      
|  || |  |    |\- YDR261W-B           
|  || |  |   /+                       
|  || |  |   ||/- YBL101W-B           
|  || |  |   |\+                      
|  || |  |  /+ \- YDR034C-D           
|  || |  |  ||                        
|  || |  |  ||/- YLR410W-B            
|  || |  | /+\+                       
|  || |  | || \- YCL019W              
|  || |  | ||                         
|  || |  | ||/- YOR343W-B             
|  || |  |/+\+                        
|  || |  ||| \- YDR210W-B             
|  || |  |||                          
|  || |  |||/- YGR161W-B              
|  || |  \+\+                         
|  || |   | \- YFL002W-A              
|  || |   |                           
|  || |   | /- smik_23109             
|  || |   |/+                         
|  || |   \+\- smik_23114             
|  || |    |                          
|  || |    \- smik_8685               
|  || |                               
|  || |/- spar_23842                  
|  || \+                              
|  ||  \- sbay_16104                  
|  ||                                 
|  ||   /- LELG_02922                 
|  ||  /+                             
|  ||  |\- DEHA0G12320g               
|  || /+                              
|  || || /- CLUG_05877                
|  || ||/+                            
|  || |\+\- CLUG_00414                
|  || | |                             
|  ||/+ \- CLUG_00132                 
|  ||||                               
|  ||||  /- spar_24407                
| /+||| /+                            
| |||||/+\- spar_804                  
| |||||||                             
| ||||\+\- sbay_2863                  
| |||| |                              
| |||| \- kwal_679                    
| ||||                                
| ||||      /- sbay_11194             
| ||||     /+                         
| ||||     |\- sbay_26574             
| ||||    /+                          
| ||||    ||/- sbay_26592             
| ||||    |\+                         
| ||\+   /+ \- sbay_26593             
| || |   ||                           
| || |   || /- sbay_26583             
| || |   ||/+                         
| || |  /+\+\- sbay_26591             
| || |  || |                          
| || |  || \- sbay_26640              
| || |  ||                            
| || | /+\- smik_23296                
| || | ||                             
| || | || /- sbay_3947                
| || | ||/+                           
| || |/+\+\- sbay_26595               
| || ||| |                            
| || ||| \- sbay_26594                
| || |||                              
| || \+|/- YHL009W-B                  
| ||  |\+                             
| ||  | \- YJL113W                    
| ||  |                               
| ||  \- scas_g712.50                 
| ||                                  
| ||   /- spar_24411                  
| ||  /+                              
| || /+\- spar_20545                  
| || ||                               
| || |\- smik_23410                   
| || |                                
| || |    /- kwal_685                 
| || |   /+                           
| || |  /+\- kwal_689                 
| ||/+  ||                            
| ||||  |\- kwal_622                  
| |||| /+                             
| |||| || /- kwal_3719                
|/+||| ||/+                           
||||||/+\+\- kwal_16313               
|||||||| |                            
|||||||| \- kwal_17030                
|||||\+|                              
||||| |\- kwal_773                    
|||\+ |                               
||| | \- kwal_432                     
||| |                                 
||| |   /- smik_12344                 
||| |  /+                             
||| | /+\- sbay_26587                 
||| | ||                              
||| |/+\- sbay_26584                  
||| |||                               
||| ||\- sbay_12612                   
||| ||                                
||| \+  /- sbay_26638                 
|||  | /+                             
|||  | |\- sbay_10235                 
|||  |/+                              
|||  |||/- sbay_26639                 
|||  \+\+                             
|||   | \- sbay_10983                 
|||   |                               
|||   \- smik_3565                    
|||                                   
|||      /- sbay_26589                
|||     /+                            
|||     |\- sbay_3946                 
|||    /+                             
|||    ||/- smik_3340                 
|||   /+\+                            
|||   || \- smik_23291                
|||  /+|                              
|||  ||\- sbay_10233                  
|||  ||                               
||| /+\- smik_20350                   
||| ||                                
||| ||/- sbay_21904                   
||| |\+                               
|||/+ \- sbay_26648                   
|||||                                 
\+||| /- sbay_2448                    
 ||||/+                               
 |||\+\- sbay_26447                   
 ||| |                                
 ||| \- smik_23255                    
 |||                                  
 |\+   /- smik_23293                  
 | |  /+                              
 | | /+\- sbay_26575                  
 | | ||                               
 | |/+\- smik_361                     
 | |||                                
 | ||\- sbay_26641                    
 | ||                                 
 | \+  /- sbay_26644                  
 |  | /+                              
 |  |/+\- sbay_26646                  
 |  |||                               
 |  \+\- sbay_10231                   
 |   |                                
 |   \- kwal_7889                     
 |                                    
 |   /- kwal_407                      
 |  /+                                
 |  |\- KLLA0A12155g                  
 | /+                                 
 | || /- sbay_21902                   
 | ||/+                               
 | |\+\- sbay_26577                   
 | | |                                
 | | \- smik_19493                    
 | |                                  
 |/+    /- kwal_16415                 
 |||   /+                             
 |||  /+\- kwal_11215                 
 |||  ||                              
 ||| /+\- kwal_19348                  
 ||| ||                               
 |||/+\- kwal_17664                   
 |||||                                
 ||\+\- kwal_15086                    
 || |                                 
 || |/- spar_12151                    
 \+ \+                                
  |  \- smik_23157                    
  |                                   
  | /- smik_6314                      
  |/+                                 
  ||\- smik_23299                     
  ||                                  
  ||   /- kwal_16421                  
  ||  /+                              
  ||  |\- kwal_24910                  
  || /+                               
  \+ || /- kwal_16392                 
   | ||/+                             
   | |\+\- kwal_17669                 
   |/+ |                              
   ||| \- kwal_22271                  
   |||                                
   ||| /- kwal_19342                  
   \+|/+                              
    |\+\- kwal_616                    
    | |                               
    | \- kwal_16304                   
    |                                 
    \- kwal_7403                      
                                      
